../Core/Src/main.c:72:1:HAL_SPI_TxRxCpltCallback	24	static
../Core/Src/main.c:93:5:main	16	static
../Core/Src/main.c:163:6:SystemClock_Config	72	static
../Core/Src/main.c:203:13:MX_SPI2_Init	8	static
../Core/Src/main.c:240:13:MX_TIM2_Init	56	static
../Core/Src/main.c:289:13:MX_TIM3_Init	56	static
../Core/Src/main.c:338:13:MX_TIM4_Init	56	static
../Core/Src/main.c:385:13:MX_DMA_Init	16	static
../Core/Src/main.c:403:13:MX_GPIO_Init	40	static
../Core/Src/main.c:439:6:Error_Handler	4	static,ignoring_inline_asm
