../Core/Src/main.c:81:6:setMotor	32	static
../Core/Src/main.c:155:6:setMotor_direct	16	static
../Core/Src/main.c:196:6:HAL_SPI_TxRxCpltCallback	16	static
../Core/Src/main.c:220:5:main	8	static
../Core/Src/main.c:290:6:SystemClock_Config	72	static
../Core/Src/main.c:330:13:MX_SPI2_Init	8	static
../Core/Src/main.c:368:13:MX_TIM2_Init	64	static
../Core/Src/main.c:431:13:MX_TIM3_Init	64	static
../Core/Src/main.c:494:13:MX_TIM4_Init	64	static
../Core/Src/main.c:557:13:MX_USART1_UART_Init	8	static
../Core/Src/main.c:588:13:MX_DMA_Init	16	static
../Core/Src/main.c:609:13:MX_GPIO_Init	40	static
../Core/Src/main.c:668:6:Error_Handler	4	static,ignoring_inline_asm
