../Core/Src/main.c:81:6:setMotor	5
../Core/Src/main.c:155:6:setMotor_direct	3
../Core/Src/main.c:196:6:HAL_SPI_TxRxCpltCallback	2
../Core/Src/main.c:220:5:main	1
../Core/Src/main.c:290:6:SystemClock_Config	3
../Core/Src/main.c:330:13:MX_SPI2_Init	2
../Core/Src/main.c:368:13:MX_TIM2_Init	7
../Core/Src/main.c:431:13:MX_TIM3_Init	7
../Core/Src/main.c:494:13:MX_TIM4_Init	7
../Core/Src/main.c:557:13:MX_USART1_UART_Init	2
../Core/Src/main.c:588:13:MX_DMA_Init	1
../Core/Src/main.c:609:13:MX_GPIO_Init	1
../Core/Src/main.c:668:6:Error_Handler	1
