../Core/Src/main.c:70:6:setMotor	32	static
../Core/Src/main.c:139:6:setMotor_direct	40	static
../Core/Src/main.c:191:5:main	24	static
../Core/Src/main.c:251:6:SystemClock_Config	72	static
../Core/Src/main.c:291:13:MX_SPI2_Init	8	static
../Core/Src/main.c:329:13:MX_TIM2_Init	64	static
../Core/Src/main.c:392:13:MX_TIM3_Init	64	static
../Core/Src/main.c:455:13:MX_TIM4_Init	64	static
../Core/Src/main.c:518:13:MX_GPIO_Init	40	static
../Core/Src/main.c:566:6:Error_Handler	4	static,ignoring_inline_asm
