../Core/Src/main.c:67:6:setMotor	24	static
../Core/Src/main.c:163:5:main	8	static
../Core/Src/main.c:221:6:SystemClock_Config	72	static
../Core/Src/main.c:261:13:MX_SPI2_Init	8	static
../Core/Src/main.c:299:13:MX_TIM2_Init	48	static
../Core/Src/main.c:356:13:MX_TIM3_Init	48	static
../Core/Src/main.c:413:13:MX_USART1_UART_Init	8	static
../Core/Src/main.c:444:13:MX_DMA_Init	16	static
../Core/Src/main.c:462:13:MX_GPIO_Init	40	static
../Core/Src/main.c:507:6:Error_Handler	4	static,ignoring_inline_asm
