../Core/Src/main.c:110:6:setMotor	7
../Core/Src/main.c:153:6:updateAndCapture	2
../Core/Src/main.c:180:10:calculateRPM	2
../Core/Src/main.c:211:5:main	1
../Core/Src/main.c:280:6:SystemClock_Config	3
../Core/Src/main.c:320:13:MX_CAN_Init	2
../Core/Src/main.c:357:13:MX_TIM1_Init	4
../Core/Src/main.c:403:13:MX_TIM2_Init	7
../Core/Src/main.c:466:13:MX_TIM3_Init	3
../Core/Src/main.c:515:13:MX_TIM4_Init	3
../Core/Src/main.c:564:13:MX_USART1_UART_Init	2
../Core/Src/main.c:595:13:MX_DMA_Init	1
../Core/Src/main.c:613:13:MX_GPIO_Init	1
../Core/Src/main.c:648:6:Error_Handler	1
