../Core/Src/main.c:91:6:setMotor	5
../Core/Src/main.c:156:6:setMotorDifferential	8
../Core/Src/main.c:191:6:updateAndCapture	2
../Core/Src/main.c:218:10:calculateRPM	2
../Core/Src/main.c:249:5:main	1
../Core/Src/main.c:319:6:SystemClock_Config	3
../Core/Src/main.c:359:13:MX_CAN_Init	2
../Core/Src/main.c:396:13:MX_TIM1_Init	4
../Core/Src/main.c:442:13:MX_TIM2_Init	7
../Core/Src/main.c:505:13:MX_TIM3_Init	3
../Core/Src/main.c:554:13:MX_TIM4_Init	3
../Core/Src/main.c:603:13:MX_USART1_UART_Init	2
../Core/Src/main.c:634:13:MX_DMA_Init	1
../Core/Src/main.c:652:13:MX_GPIO_Init	1
../Core/Src/main.c:687:6:Error_Handler	1
