../Core/Src/main.c:91:6:setMotor	24	static
../Core/Src/main.c:129:6:updateAndCapture	32	static
../Core/Src/main.c:156:10:calculateRPM	48	static
../Core/Src/main.c:187:5:main	16	static
../Core/Src/main.c:256:6:SystemClock_Config	72	static
../Core/Src/main.c:296:13:MX_CAN_Init	8	static
../Core/Src/main.c:333:13:MX_TIM1_Init	32	static
../Core/Src/main.c:379:13:MX_TIM2_Init	64	static
../Core/Src/main.c:442:13:MX_TIM3_Init	56	static
../Core/Src/main.c:491:13:MX_TIM4_Init	56	static
../Core/Src/main.c:540:13:MX_USART1_UART_Init	8	static
../Core/Src/main.c:571:13:MX_DMA_Init	16	static
../Core/Src/main.c:589:13:MX_GPIO_Init	40	static
../Core/Src/main.c:624:6:Error_Handler	4	static,ignoring_inline_asm
