../Core/Src/main.c:74:6:HAL_UART_RxCpltCallback	16	static
../Core/Src/main.c:81:6:setMotor	24	static
../Core/Src/main.c:124:5:main	8	static
../Core/Src/main.c:182:6:SystemClock_Config	72	static
../Core/Src/main.c:222:13:MX_CAN_Init	8	static
../Core/Src/main.c:259:13:MX_TIM2_Init	64	static
../Core/Src/main.c:322:13:MX_TIM3_Init	56	static
../Core/Src/main.c:371:13:MX_TIM4_Init	56	static
../Core/Src/main.c:420:13:MX_USART1_UART_Init	8	static
../Core/Src/main.c:451:13:MX_DMA_Init	16	static
../Core/Src/main.c:469:13:MX_GPIO_Init	40	static
../Core/Src/main.c:504:6:Error_Handler	4	static,ignoring_inline_asm
