../Core/Src/main.c:80:6:setMotor	32	static
../Core/Src/main.c:150:6:setMotor_direct	40	static
../Core/Src/main.c:203:5:main	8	static
../Core/Src/main.c:280:6:SystemClock_Config	72	static
../Core/Src/main.c:320:13:MX_CAN_Init	8	static
../Core/Src/main.c:357:13:MX_TIM2_Init	64	static
../Core/Src/main.c:420:13:MX_TIM3_Init	64	static
../Core/Src/main.c:483:13:MX_TIM4_Init	64	static
../Core/Src/main.c:546:13:MX_USART1_UART_Init	8	static
../Core/Src/main.c:577:13:MX_DMA_Init	16	static
../Core/Src/main.c:595:13:MX_GPIO_Init	40	static
../Core/Src/main.c:633:6:Error_Handler	4	static,ignoring_inline_asm
