22:05:14 **** Incremental Build of configuration Debug for project debugging_1 ****
make -j16 all 
arm-none-eabi-gcc "../Core/Src/main.c" -mcpu=cortex-m3 -std=gnu11 -g3 -DDEBUG -DUSE_HAL_DRIVER -DSTM32F103xB -c -I../Core/Inc -I../Drivers/STM32F1xx_HAL_Driver/Inc/Legacy -I../Drivers/STM32F1xx_HAL_Driver/Inc -I../Drivers/CMSIS/Device/ST/STM32F1xx/Include -I../Drivers/CMSIS/Include -O0 -ffunction-sections -fdata-sections -Wall -fstack-usage -fcyclomatic-complexity -MMD -MP -MF"Core/Src/main.d" -MT"Core/Src/main.o" --specs=nano.specs -mfloat-abi=soft -mthumb -o "Core/Src/main.o"
arm-none-eabi-gcc -o "debugging_1.elf" @"objects.list"   -mcpu=cortex-m3 -T"D:\Z\projects\vyadh\DMA_Middleman\debugging\STM32F103C8TX_FLASH.ld" --specs=nosys.specs -Wl,-Map="debugging_1.map" -Wl,--gc-sections -static --specs=nano.specs -mfloat-abi=soft -mthumb -Wl,--start-group -lc -lm -Wl,--end-group
Finished building target: debugging_1.elf
 
arm-none-eabi-size  debugging_1.elf 
arm-none-eabi-objdump -h -S debugging_1.elf  > "debugging_1.list"
   text	   data	    bss	    dec	    hex	filename
  11328	     12	   2116	  13456	   3490	debugging_1.elf
Finished building: default.size.stdout
 
Finished building: debugging_1.list
 

22:05:14 Build Finished. 0 errors, 0 warnings. (took 810ms)

