../Core/Src/main.c:77:6:setMotor	32	static
../Core/Src/main.c:146:6:setMotor_direct	40	static
../Core/Src/main.c:257:5:main	32	static,ignoring_inline_asm
../Core/Src/main.c:336:6:SystemClock_Config	72	static
../Core/Src/main.c:376:13:MX_SPI2_Init	8	static
../Core/Src/main.c:414:13:MX_TIM2_Init	64	static
../Core/Src/main.c:477:13:MX_TIM3_Init	64	static
../Core/Src/main.c:540:13:MX_TIM4_Init	64	static
../Core/Src/main.c:603:13:MX_USART1_UART_Init	8	static
../Core/Src/main.c:634:13:MX_DMA_Init	16	static
../Core/Src/main.c:652:13:MX_GPIO_Init	24	static
../Core/Src/main.c:676:6:Error_Handler	4	static,ignoring_inline_asm
