19:02:49 **** Incremental Build of configuration Debug for project encoder_hardcoded_stm ****
make -j16 all 
arm-none-eabi-gcc "../Core/Src/main.c" -mcpu=cortex-m3 -std=gnu11 -g3 -DDEBUG -DUSE_HAL_DRIVER -DSTM32F103xB -c -I../Core/Inc -I../Drivers/STM32F1xx_HAL_Driver/Inc -I../Drivers/STM32F1xx_HAL_Driver/Inc/Legacy -I../Drivers/CMSIS/Device/ST/STM32F1xx/Include -I../Drivers/CMSIS/Include -O0 -ffunction-sections -fdata-sections -Wall -fstack-usage -fcyclomatic-complexity -MMD -MP -MF"Core/Src/main.d" -MT"Core/Src/main.o" --specs=nano.specs -mfloat-abi=soft -mthumb -o "Core/Src/main.o"
arm-none-eabi-gcc -o "encoder_hardcoded_stm.elf" @"objects.list"   -mcpu=cortex-m3 -T"D:\Z\projects\Vyadh25-26\Silicon\encoder_hardcoded_stm\STM32F103C8TX_FLASH.ld" --specs=nosys.specs -Wl,-Map="encoder_hardcoded_stm.map" -Wl,--gc-sections -static --specs=nano.specs -mfloat-abi=soft -mthumb -Wl,--start-group -lc -lm -Wl,--end-group
Finished building target: encoder_hardcoded_stm.elf
 
arm-none-eabi-size  encoder_hardcoded_stm.elf 
arm-none-eabi-objdump -h -S encoder_hardcoded_stm.elf  > "encoder_hardcoded_stm.list"
   text	   data	    bss	    dec	    hex	filename
   8672	     16	   1720	  10408	   28a8	encoder_hardcoded_stm.elf
Finished building: default.size.stdout
 
Finished building: encoder_hardcoded_stm.list
 

19:02:50 Build Finished. 0 errors, 0 warnings. (took 1s.41ms)

